// Jest Snapshot v1, https://goo.gl/fbAQLP

exports[`App renders App component correctly 1`] = `
<DocumentFragment>
  <div
    class="app"
  >
    <h1>
      Manchester, UK
    </h1>
    <div
      class="forecast-summaries"
    >
      <div
        class="forecast-summary"
        data-testid="forecast-summary"
      >
        <div
          class="forecast-summary__date"
        >
          1525046400000
        </div>
        <div
          class="forecast-summary__description"
        >
          Clear
        </div>
        <div
          class="forecast-summary__icon"
          data-testid="forecast-icon"
        >
          800
        </div>
        <div
          class="forecast-summary__temperature"
        >
          11°C
        </div>
      </div>
      <div
        class="forecast-summary"
        data-testid="forecast-summary"
      >
        <div
          class="forecast-summary__date"
        >
          1525132800000
        </div>
        <div
          class="forecast-summary__description"
        >
          Stormy
        </div>
        <div
          class="forecast-summary__icon"
          data-testid="forecast-icon"
        >
          211
        </div>
        <div
          class="forecast-summary__temperature"
        >
          13°C
        </div>
      </div>
      <div
        class="forecast-summary"
        data-testid="forecast-summary"
      >
        <div
          class="forecast-summary__date"
        >
          1525219200000
        </div>
        <div
          class="forecast-summary__description"
        >
          Heavy Snow
        </div>
        <div
          class="forecast-summary__icon"
          data-testid="forecast-icon"
        >
          602
        </div>
        <div
          class="forecast-summary__temperature"
        >
          1°C
        </div>
      </div>
      <div
        class="forecast-summary"
        data-testid="forecast-summary"
      >
        <div
          class="forecast-summary__date"
        >
          1525305600000
        </div>
        <div
          class="forecast-summary__description"
        >
          Tornado
        </div>
        <div
          class="forecast-summary__icon"
          data-testid="forecast-icon"
        >
          781
        </div>
        <div
          class="forecast-summary__temperature"
        >
          20°C
        </div>
      </div>
      <div
        class="forecast-summary"
        data-testid="forecast-summary"
      >
        <div
          class="forecast-summary__date"
        >
          1525392000000
        </div>
        <div
          class="forecast-summary__description"
        >
          Hazy
        </div>
        <div
          class="forecast-summary__icon"
          data-testid="forecast-icon"
        >
          721
        </div>
        <div
          class="forecast-summary__temperature"
        >
          25°C
        </div>
      </div>
    </div>
  </div>
</DocumentFragment>
`;
